
*** Running vivado
    with args -log alu.vdi -applog -m64 -product Vivado -messageDb vivado.pb -mode batch -source alu.tcl -notrace


****** Vivado v2019.1 (64-bit)
  **** SW Build 2552052 on Fri May 24 14:49:42 MDT 2019
  **** IP Build 2548770 on Fri May 24 18:01:18 MDT 2019
    ** Copyright 1986-2019 Xilinx, Inc. All Rights Reserved.

source alu.tcl -notrace
Command: link_design -top alu -part xc7a35ticpg236-1L
Design is defaulting to srcset: sources_1
Design is defaulting to constrset: constrs_1
INFO: [Device 21-403] Loading part xc7a35ticpg236-1L
INFO: [Project 1-479] Netlist was created with Vivado 2019.1
INFO: [Project 1-570] Preparing netlist for logic optimization
Parsing XDC File [D:/assigment 6/Q3/alu.xdc]
Finished Parsing XDC File [D:/assigment 6/Q3/alu.xdc]
INFO: [Opt 31-138] Pushed 0 inverter(s) to 0 load pin(s).
Netlist sorting complete. Time (s): cpu = 00:00:00 ; elapsed = 00:00:00 . Memory (MB): peak = 738.883 ; gain = 0.000
INFO: [Project 1-111] Unisim Transformation Summary:
No Unisim elements were transformed.

5 Infos, 0 Warnings, 0 Critical Warnings and 0 Errors encountered.
link_design completed successfully
link_design: Time (s): cpu = 00:00:11 ; elapsed = 00:00:12 . Memory (MB): peak = 742.910 ; gain = 382.551
Command: opt_design
Attempting to get a license for feature 'Implementation' and/or device 'xc7a35ti'
INFO: [Common 17-349] Got license for feature 'Implementation' and/or device 'xc7a35ti'
Running DRC as a precondition to command opt_design

Starting DRC Task
INFO: [DRC 23-27] Running DRC with 2 threads
INFO: [Project 1-461] DRC finished with 0 Errors
INFO: [Project 1-462] Please refer to the DRC report (report_drc) for more information.

Time (s): cpu = 00:00:02 ; elapsed = 00:00:01 . Memory (MB): peak = 760.824 ; gain = 17.914

Starting Cache Timing Information Task
INFO: [Timing 38-35] Done setting XDC timing constraints.
Ending Cache Timing Information Task | Checksum: 10aa031dc

Time (s): cpu = 00:00:13 ; elapsed = 00:00:14 . Memory (MB): peak = 1276.773 ; gain = 515.949

Starting Logic Optimization Task

Phase 1 Generate And Synthesize Debug Cores
INFO: [Chipscope 16-329] Generating Script for core instance : dbg_hub 
INFO: [IP_Flow 19-234] Refreshing IP repositories
INFO: [IP_Flow 19-1704] No user IP repositories specified
INFO: [IP_Flow 19-2313] Loaded Vivado IP repository 'D:/programmes/vivado/Vivado/2019.1/data/ip'.
INFO: [IP_Flow 19-3806] Processing IP xilinx.com:ip:xsdbm:3.0 for cell dbg_hub_CV.
INFO: [Chipscope 16-329] Generating Script for core instance : u_ila_0 
INFO: [IP_Flow 19-3806] Processing IP xilinx.com:ip:ila:6.2 for cell u_ila_0_CV.
Netlist sorting complete. Time (s): cpu = 00:00:00 ; elapsed = 00:00:00.092 . Memory (MB): peak = 1521.355 ; gain = 0.000
Phase 1 Generate And Synthesize Debug Cores | Checksum: f4d0a193

Time (s): cpu = 00:00:05 ; elapsed = 00:05:24 . Memory (MB): peak = 1521.355 ; gain = 104.266

Phase 2 Retarget
INFO: [Opt 31-138] Pushed 0 inverter(s) to 0 load pin(s).
INFO: [Opt 31-49] Retargeted 0 cell(s).
Phase 2 Retarget | Checksum: 14fc37a99

Time (s): cpu = 00:00:06 ; elapsed = 00:05:25 . Memory (MB): peak = 1521.355 ; gain = 104.266
INFO: [Opt 31-389] Phase Retarget created 4 cells and removed 11 cells
INFO: [Opt 31-1021] In phase Retarget, 78 netlist objects are constrained preventing optimization. Please run opt_design with -debug_log to get more detail. 

Phase 3 Constant propagation
INFO: [Opt 31-138] Pushed 0 inverter(s) to 0 load pin(s).
Phase 3 Constant propagation | Checksum: 1705853bb

Time (s): cpu = 00:00:06 ; elapsed = 00:05:25 . Memory (MB): peak = 1521.355 ; gain = 104.266
INFO: [Opt 31-389] Phase Constant propagation created 0 cells and removed 16 cells
INFO: [Opt 31-1021] In phase Constant propagation, 64 netlist objects are constrained preventing optimization. Please run opt_design with -debug_log to get more detail. 

Phase 4 Sweep
Phase 4 Sweep | Checksum: efafb730

Time (s): cpu = 00:00:06 ; elapsed = 00:05:25 . Memory (MB): peak = 1521.355 ; gain = 104.266
INFO: [Opt 31-389] Phase Sweep created 0 cells and removed 54 cells
INFO: [Opt 31-1021] In phase Sweep, 877 netlist objects are constrained preventing optimization. Please run opt_design with -debug_log to get more detail. 

Phase 5 BUFG optimization
Phase 5 BUFG optimization | Checksum: efafb730

Time (s): cpu = 00:00:06 ; elapsed = 00:05:25 . Memory (MB): peak = 1521.355 ; gain = 104.266
INFO: [Opt 31-662] Phase BUFG optimization created 0 cells of which 0 are BUFGs and removed 0 cells.

Phase 6 Shift Register Optimization
INFO: [Opt 31-1064] SRL Remap converted 0 SRLs to 0 registers and converted 0 registers of register chains to 0 SRLs
Phase 6 Shift Register Optimization | Checksum: efafb730

Time (s): cpu = 00:00:06 ; elapsed = 00:05:25 . Memory (MB): peak = 1521.355 ; gain = 104.266
INFO: [Opt 31-389] Phase Shift Register Optimization created 0 cells and removed 0 cells

Phase 7 Post Processing Netlist
Phase 7 Post Processing Netlist | Checksum: efafb730

Time (s): cpu = 00:00:06 ; elapsed = 00:05:25 . Memory (MB): peak = 1521.355 ; gain = 104.266
INFO: [Opt 31-389] Phase Post Processing Netlist created 0 cells and removed 0 cells
INFO: [Opt 31-1021] In phase Post Processing Netlist, 57 netlist objects are constrained preventing optimization. Please run opt_design with -debug_log to get more detail. 
Opt_design Change Summary
=========================


-------------------------------------------------------------------------------------------------------------------------
|  Phase                        |  #Cells created  |  #Cells Removed  |  #Constrained objects preventing optimizations  |
-------------------------------------------------------------------------------------------------------------------------
|  Retarget                     |               4  |              11  |                                             78  |
|  Constant propagation         |               0  |              16  |                                             64  |
|  Sweep                        |               0  |              54  |                                            877  |
|  BUFG optimization            |               0  |               0  |                                              0  |
|  Shift Register Optimization  |               0  |               0  |                                              0  |
|  Post Processing Netlist      |               0  |               0  |                                             57  |
-------------------------------------------------------------------------------------------------------------------------



Starting Connectivity Check Task

Time (s): cpu = 00:00:00 ; elapsed = 00:00:00.010 . Memory (MB): peak = 1521.355 ; gain = 0.000
Ending Logic Optimization Task | Checksum: a07a5ed6

Time (s): cpu = 00:00:06 ; elapsed = 00:05:25 . Memory (MB): peak = 1521.355 ; gain = 104.266

Starting Power Optimization Task
INFO: [Pwropt 34-132] Skipping clock gating for clocks with a period < 2.00 ns.
INFO: [Timing 38-35] Done setting XDC timing constraints.
INFO: [Pwropt 34-9] Applying IDT optimizations ...
INFO: [Pwropt 34-10] Applying ODC optimizations ...
INFO: [Physopt 32-619] Estimated Timing Summary | WNS=4.856 | TNS=0.000 |
Running Vector-less Activity Propagation...

Finished Running Vector-less Activity Propagation


Starting PowerOpt Patch Enables Task
INFO: [Pwropt 34-162] WRITE_MODE attribute of 0 BRAM(s) out of a total of 1 has been updated to save power. Run report_power_opt to get a complete listing of the BRAMs updated.
INFO: [Pwropt 34-201] Structural ODC has moved 0 WE to EN ports
Number of BRAM Ports augmented: 1 newly gated: 0 Total Ports: 2
Ending PowerOpt Patch Enables Task | Checksum: 12e6d059a

Time (s): cpu = 00:00:00 ; elapsed = 00:00:00.032 . Memory (MB): peak = 1670.016 ; gain = 0.000
Ending Power Optimization Task | Checksum: 12e6d059a

Time (s): cpu = 00:00:03 ; elapsed = 00:00:02 . Memory (MB): peak = 1670.016 ; gain = 148.660

Starting Final Cleanup Task
Ending Final Cleanup Task | Checksum: 12e6d059a

Time (s): cpu = 00:00:00 ; elapsed = 00:00:00 . Memory (MB): peak = 1670.016 ; gain = 0.000

Starting Netlist Obfuscation Task
Netlist sorting complete. Time (s): cpu = 00:00:00 ; elapsed = 00:00:00.003 . Memory (MB): peak = 1670.016 ; gain = 0.000
Ending Netlist Obfuscation Task | Checksum: b3f01204

Time (s): cpu = 00:00:00 ; elapsed = 00:00:00.004 . Memory (MB): peak = 1670.016 ; gain = 0.000
INFO: [Common 17-83] Releasing license: Implementation
45 Infos, 0 Warnings, 0 Critical Warnings and 0 Errors encountered.
opt_design completed successfully
opt_design: Time (s): cpu = 00:00:27 ; elapsed = 00:05:45 . Memory (MB): peak = 1670.016 ; gain = 927.105
Netlist sorting complete. Time (s): cpu = 00:00:00 ; elapsed = 00:00:00.003 . Memory (MB): peak = 1670.016 ; gain = 0.000
INFO: [Timing 38-480] Writing timing data to binary archive.
Writing placer database...
Writing XDEF routing.
Writing XDEF routing logical nets.
Writing XDEF routing special nets.
Write XDEF Complete: Time (s): cpu = 00:00:00 ; elapsed = 00:00:00.095 . Memory (MB): peak = 1670.016 ; gain = 0.000
INFO: [Common 17-1381] The checkpoint 'D:/assigment 6/Q3/ans/project_1/project_1.runs/impl_1/alu_opt.dcp' has been generated.
INFO: [runtcl-4] Executing : report_drc -file alu_drc_opted.rpt -pb alu_drc_opted.pb -rpx alu_drc_opted.rpx
Command: report_drc -file alu_drc_opted.rpt -pb alu_drc_opted.pb -rpx alu_drc_opted.rpx
INFO: [IP_Flow 19-1839] IP Catalog is up to date.
INFO: [DRC 23-27] Running DRC with 2 threads
INFO: [Coretcl 2-168] The results of DRC are in file D:/assigment 6/Q3/ans/project_1/project_1.runs/impl_1/alu_drc_opted.rpt.
report_drc completed successfully
INFO: [Chipscope 16-240] Debug cores have already been implemented
Command: place_design
Attempting to get a license for feature 'Implementation' and/or device 'xc7a35ti'
INFO: [Common 17-349] Got license for feature 'Implementation' and/or device 'xc7a35ti'
INFO: [DRC 23-27] Running DRC with 2 threads
INFO: [Vivado_Tcl 4-198] DRC finished with 0 Errors
INFO: [Vivado_Tcl 4-199] Please refer to the DRC report (report_drc) for more information.
Running DRC as a precondition to command place_design
INFO: [DRC 23-27] Running DRC with 2 threads
INFO: [Vivado_Tcl 4-198] DRC finished with 0 Errors
INFO: [Vivado_Tcl 4-199] Please refer to the DRC report (report_drc) for more information.

Starting Placer Task
INFO: [Place 30-611] Multithreading enabled for place_design using a maximum of 2 CPUs

Phase 1 Placer Initialization

Phase 1.1 Placer Initialization Netlist Sorting
Netlist sorting complete. Time (s): cpu = 00:00:00 ; elapsed = 00:00:00.004 . Memory (MB): peak = 1670.016 ; gain = 0.000
Phase 1.1 Placer Initialization Netlist Sorting | Checksum: 8c7dbb2e

Time (s): cpu = 00:00:00 ; elapsed = 00:00:00.011 . Memory (MB): peak = 1670.016 ; gain = 0.000
Netlist sorting complete. Time (s): cpu = 00:00:00 ; elapsed = 00:00:00.004 . Memory (MB): peak = 1670.016 ; gain = 0.000

Phase 1.2 IO Placement/ Clock Placement/ Build Placer Device
INFO: [Timing 38-35] Done setting XDC timing constraints.
Phase 1.2 IO Placement/ Clock Placement/ Build Placer Device | Checksum: be1c604e

Time (s): cpu = 00:00:02 ; elapsed = 00:00:01 . Memory (MB): peak = 1670.016 ; gain = 0.000

Phase 1.3 Build Placer Netlist Model
Phase 1.3 Build Placer Netlist Model | Checksum: 1aefc2f04

Time (s): cpu = 00:00:04 ; elapsed = 00:00:03 . Memory (MB): peak = 1670.016 ; gain = 0.000

Phase 1.4 Constrain Clocks/Macros
Phase 1.4 Constrain Clocks/Macros | Checksum: 1aefc2f04

Time (s): cpu = 00:00:04 ; elapsed = 00:00:03 . Memory (MB): peak = 1670.016 ; gain = 0.000
Phase 1 Placer Initialization | Checksum: 1aefc2f04

Time (s): cpu = 00:00:04 ; elapsed = 00:00:03 . Memory (MB): peak = 1670.016 ; gain = 0.000

Phase 2 Global Placement

Phase 2.1 Floorplanning
Phase 2.1 Floorplanning | Checksum: 1410706a8

Time (s): cpu = 00:00:05 ; elapsed = 00:00:03 . Memory (MB): peak = 1670.016 ; gain = 0.000

Phase 2.2 Global Placement Core

Phase 2.2.1 Physical Synthesis In Placer
INFO: [Physopt 32-65] No nets found for high-fanout optimization.
INFO: [Physopt 32-232] Optimized 0 net. Created 0 new instance.
INFO: [Physopt 32-775] End 1 Pass. Optimized 0 net or cell. Created 0 new cell, deleted 0 existing cell and moved 0 existing cell
INFO: [Physopt 32-670] No setup violation found.  DSP Register Optimization was not performed.
INFO: [Physopt 32-670] No setup violation found.  Shift Register Optimization was not performed.
INFO: [Physopt 32-670] No setup violation found.  BRAM Register Optimization was not performed.
INFO: [Physopt 32-949] No candidate nets found for HD net replication
INFO: [Physopt 32-775] End 1 Pass. Optimized 0 net or cell. Created 0 new cell, deleted 0 existing cell and moved 0 existing cell
Netlist sorting complete. Time (s): cpu = 00:00:00 ; elapsed = 00:00:00.003 . Memory (MB): peak = 1670.016 ; gain = 0.000

Summary of Physical Synthesis Optimizations
============================================


----------------------------------------------------------------------------------------------------------------------------------------
|  Optimization                  |  Added Cells  |  Removed Cells  |  Optimized Cells/Nets  |  Dont Touch  |  Iterations  |  Elapsed   |
----------------------------------------------------------------------------------------------------------------------------------------
|  Very High Fanout              |            0  |              0  |                     0  |           0  |           1  |  00:00:00  |
|  DSP Register                  |            0  |              0  |                     0  |           0  |           0  |  00:00:00  |
|  Shift Register                |            0  |              0  |                     0  |           0  |           0  |  00:00:00  |
|  BRAM Register                 |            0  |              0  |                     0  |           0  |           0  |  00:00:00  |
|  HD Interface Net Replication  |            0  |              0  |                     0  |           0  |           1  |  00:00:00  |
|  Total                         |            0  |              0  |                     0  |           0  |           2  |  00:00:00  |
----------------------------------------------------------------------------------------------------------------------------------------


Phase 2.2.1 Physical Synthesis In Placer | Checksum: d1097b09

Time (s): cpu = 00:00:14 ; elapsed = 00:00:08 . Memory (MB): peak = 1670.016 ; gain = 0.000
Phase 2.2 Global Placement Core | Checksum: 19114f73f

Time (s): cpu = 00:00:14 ; elapsed = 00:00:09 . Memory (MB): peak = 1670.016 ; gain = 0.000
Phase 2 Global Placement | Checksum: 19114f73f

Time (s): cpu = 00:00:15 ; elapsed = 00:00:09 . Memory (MB): peak = 1670.016 ; gain = 0.000

Phase 3 Detail Placement

Phase 3.1 Commit Multi Column Macros
Phase 3.1 Commit Multi Column Macros | Checksum: 11a44db7b

Time (s): cpu = 00:00:15 ; elapsed = 00:00:09 . Memory (MB): peak = 1670.016 ; gain = 0.000

Phase 3.2 Commit Most Macros & LUTRAMs
Phase 3.2 Commit Most Macros & LUTRAMs | Checksum: 11a9bbc3f

Time (s): cpu = 00:00:16 ; elapsed = 00:00:09 . Memory (MB): peak = 1670.016 ; gain = 0.000

Phase 3.3 Area Swap Optimization
Phase 3.3 Area Swap Optimization | Checksum: b7d1c9df

Time (s): cpu = 00:00:16 ; elapsed = 00:00:10 . Memory (MB): peak = 1670.016 ; gain = 0.000

Phase 3.4 Pipeline Register Optimization
Phase 3.4 Pipeline Register Optimization | Checksum: ff8364c2

Time (s): cpu = 00:00:16 ; elapsed = 00:00:10 . Memory (MB): peak = 1670.016 ; gain = 0.000

Phase 3.5 Small Shape Detail Placement
Phase 3.5 Small Shape Detail Placement | Checksum: 175a0123e

Time (s): cpu = 00:00:17 ; elapsed = 00:00:11 . Memory (MB): peak = 1670.016 ; gain = 0.000

Phase 3.6 Re-assign LUT pins
Phase 3.6 Re-assign LUT pins | Checksum: 209706466

Time (s): cpu = 00:00:18 ; elapsed = 00:00:11 . Memory (MB): peak = 1670.016 ; gain = 0.000

Phase 3.7 Pipeline Register Optimization
Phase 3.7 Pipeline Register Optimization | Checksum: 1c5266359

Time (s): cpu = 00:00:18 ; elapsed = 00:00:11 . Memory (MB): peak = 1670.016 ; gain = 0.000
Phase 3 Detail Placement | Checksum: 1c5266359

Time (s): cpu = 00:00:18 ; elapsed = 00:00:11 . Memory (MB): peak = 1670.016 ; gain = 0.000

Phase 4 Post Placement Optimization and Clean-Up

Phase 4.1 Post Commit Optimization
INFO: [Timing 38-35] Done setting XDC timing constraints.

Phase 4.1.1 Post Placement Optimization
Post Placement Optimization Initialization | Checksum: 1a5fbb120

Phase 4.1.1.1 BUFG Insertion
INFO: [Place 46-56] BUFG insertion identified 0 candidate nets. Inserted BUFG: 0, Replicated BUFG Driver: 0, Skipped due to Placement/Routing Conflicts: 0, Skipped due to Timing Degradation: 0, Skipped due to Illegal Netlist: 0.
Phase 4.1.1.1 BUFG Insertion | Checksum: 1a5fbb120

Time (s): cpu = 00:00:19 ; elapsed = 00:00:12 . Memory (MB): peak = 1670.016 ; gain = 0.000
INFO: [Place 30-746] Post Placement Timing Summary WNS=4.358. For the most accurate timing information please run report_timing.
Phase 4.1.1 Post Placement Optimization | Checksum: 1a791552e

Time (s): cpu = 00:00:19 ; elapsed = 00:00:12 . Memory (MB): peak = 1670.016 ; gain = 0.000
Phase 4.1 Post Commit Optimization | Checksum: 1a791552e

Time (s): cpu = 00:00:19 ; elapsed = 00:00:12 . Memory (MB): peak = 1670.016 ; gain = 0.000

Phase 4.2 Post Placement Cleanup
Phase 4.2 Post Placement Cleanup | Checksum: 1a791552e

Time (s): cpu = 00:00:19 ; elapsed = 00:00:12 . Memory (MB): peak = 1670.016 ; gain = 0.000

Phase 4.3 Placer Reporting
Phase 4.3 Placer Reporting | Checksum: 1a791552e

Time (s): cpu = 00:00:19 ; elapsed = 00:00:12 . Memory (MB): peak = 1670.016 ; gain = 0.000

Phase 4.4 Final Placement Cleanup
Netlist sorting complete. Time (s): cpu = 00:00:00 ; elapsed = 00:00:00.003 . Memory (MB): peak = 1670.016 ; gain = 0.000
Phase 4.4 Final Placement Cleanup | Checksum: 1b8a6088f

Time (s): cpu = 00:00:19 ; elapsed = 00:00:12 . Memory (MB): peak = 1670.016 ; gain = 0.000
Phase 4 Post Placement Optimization and Clean-Up | Checksum: 1b8a6088f

Time (s): cpu = 00:00:19 ; elapsed = 00:00:12 . Memory (MB): peak = 1670.016 ; gain = 0.000
Ending Placer Task | Checksum: 152fd7cfc

Time (s): cpu = 00:00:19 ; elapsed = 00:00:12 . Memory (MB): peak = 1670.016 ; gain = 0.000
INFO: [Common 17-83] Releasing license: Implementation
73 Infos, 0 Warnings, 0 Critical Warnings and 0 Errors encountered.
place_design completed successfully
place_design: Time (s): cpu = 00:00:21 ; elapsed = 00:00:14 . Memory (MB): peak = 1670.016 ; gain = 0.000
Netlist sorting complete. Time (s): cpu = 00:00:00 ; elapsed = 00:00:00.003 . Memory (MB): peak = 1670.016 ; gain = 0.000
INFO: [Timing 38-480] Writing timing data to binary archive.
Writing placer database...
Writing XDEF routing.
Writing XDEF routing logical nets.
Writing XDEF routing special nets.
Write XDEF Complete: Time (s): cpu = 00:00:02 ; elapsed = 00:00:00.725 . Memory (MB): peak = 1670.016 ; gain = 0.000
INFO: [Common 17-1381] The checkpoint 'D:/assigment 6/Q3/ans/project_1/project_1.runs/impl_1/alu_placed.dcp' has been generated.
INFO: [runtcl-4] Executing : report_io -file alu_io_placed.rpt
report_io: Time (s): cpu = 00:00:01 ; elapsed = 00:00:00.044 . Memory (MB): peak = 1670.016 ; gain = 0.000
INFO: [runtcl-4] Executing : report_utilization -file alu_utilization_placed.rpt -pb alu_utilization_placed.pb
INFO: [runtcl-4] Executing : report_control_sets -verbose -file alu_control_sets_placed.rpt
report_control_sets: Time (s): cpu = 00:00:00 ; elapsed = 00:00:00.135 . Memory (MB): peak = 1670.016 ; gain = 0.000
Command: route_design
Attempting to get a license for feature 'Implementation' and/or device 'xc7a35ti'
INFO: [Common 17-349] Got license for feature 'Implementation' and/or device 'xc7a35ti'
Running DRC as a precondition to command route_design
INFO: [DRC 23-27] Running DRC with 2 threads
INFO: [Vivado_Tcl 4-198] DRC finished with 0 Errors
INFO: [Vivado_Tcl 4-199] Please refer to the DRC report (report_drc) for more information.


Starting Routing Task
INFO: [Route 35-254] Multithreading enabled for route_design using a maximum of 2 CPUs
Checksum: PlaceDB: ffbd323a ConstDB: 0 ShapeSum: 53404ac2 RouteDB: 0

Phase 1 Build RT Design
Phase 1 Build RT Design | Checksum: d1a45b22

Time (s): cpu = 00:00:34 ; elapsed = 00:00:30 . Memory (MB): peak = 1670.016 ; gain = 0.000
Post Restoration Checksum: NetGraph: 5a4ab2ed NumContArr: 7759a835 Constraints: 0 Timing: 0

Phase 2 Router Initialization

Phase 2.1 Create Timer
Phase 2.1 Create Timer | Checksum: d1a45b22

Time (s): cpu = 00:00:34 ; elapsed = 00:00:30 . Memory (MB): peak = 1670.016 ; gain = 0.000

Phase 2.2 Fix Topology Constraints
Phase 2.2 Fix Topology Constraints | Checksum: d1a45b22

Time (s): cpu = 00:00:34 ; elapsed = 00:00:30 . Memory (MB): peak = 1670.016 ; gain = 0.000

Phase 2.3 Pre Route Cleanup
Phase 2.3 Pre Route Cleanup | Checksum: d1a45b22

Time (s): cpu = 00:00:34 ; elapsed = 00:00:30 . Memory (MB): peak = 1670.016 ; gain = 0.000
 Number of Nodes with overlaps = 0

Phase 2.4 Update Timing
Phase 2.4 Update Timing | Checksum: fc74c451

Time (s): cpu = 00:00:36 ; elapsed = 00:00:32 . Memory (MB): peak = 1672.086 ; gain = 2.070
INFO: [Route 35-416] Intermediate Timing Summary | WNS=4.466  | TNS=0.000  | WHS=-0.901 | THS=-77.430|


Phase 2.5 Update Timing for Bus Skew

Phase 2.5.1 Update Timing
Phase 2.5.1 Update Timing | Checksum: e313c17a

Time (s): cpu = 00:00:37 ; elapsed = 00:00:32 . Memory (MB): peak = 1673.301 ; gain = 3.285
INFO: [Route 35-416] Intermediate Timing Summary | WNS=4.466  | TNS=0.000  | WHS=N/A    | THS=N/A    |

Phase 2.5 Update Timing for Bus Skew | Checksum: 11ddc6708

Time (s): cpu = 00:00:37 ; elapsed = 00:00:32 . Memory (MB): peak = 1689.398 ; gain = 19.383
Phase 2 Router Initialization | Checksum: 10b70ce34

Time (s): cpu = 00:00:37 ; elapsed = 00:00:32 . Memory (MB): peak = 1689.398 ; gain = 19.383

Router Utilization Summary
  Global Vertical Routing Utilization    = 0 %
  Global Horizontal Routing Utilization  = 0 %
  Routable Net Status*
  *Does not include unroutable nets such as driverless and loadless.
  Run report_route_status for detailed report.
  Number of Failed Nets               = 2753
    (Failed Nets is the sum of unrouted and partially routed nets)
  Number of Unrouted Nets             = 2752
  Number of Partially Routed Nets     = 1
  Number of Node Overlaps             = 0


Phase 3 Initial Routing
Phase 3 Initial Routing | Checksum: c29c4227

Time (s): cpu = 00:00:38 ; elapsed = 00:00:33 . Memory (MB): peak = 1689.398 ; gain = 19.383

Phase 4 Rip-up And Reroute

Phase 4.1 Global Iteration 0
 Number of Nodes with overlaps = 270
 Number of Nodes with overlaps = 8
 Number of Nodes with overlaps = 0
INFO: [Route 35-416] Intermediate Timing Summary | WNS=2.815  | TNS=0.000  | WHS=N/A    | THS=N/A    |

Phase 4.1 Global Iteration 0 | Checksum: 16d0f7499

Time (s): cpu = 00:00:40 ; elapsed = 00:00:34 . Memory (MB): peak = 1689.398 ; gain = 19.383

Phase 4.2 Global Iteration 1
 Number of Nodes with overlaps = 0
INFO: [Route 35-416] Intermediate Timing Summary | WNS=2.815  | TNS=0.000  | WHS=N/A    | THS=N/A    |

Phase 4.2 Global Iteration 1 | Checksum: aaa77fa4

Time (s): cpu = 00:00:40 ; elapsed = 00:00:34 . Memory (MB): peak = 1689.398 ; gain = 19.383
Phase 4 Rip-up And Reroute | Checksum: aaa77fa4

Time (s): cpu = 00:00:40 ; elapsed = 00:00:34 . Memory (MB): peak = 1689.398 ; gain = 19.383

Phase 5 Delay and Skew Optimization

Phase 5.1 Delay CleanUp
Phase 5.1 Delay CleanUp | Checksum: aaa77fa4

Time (s): cpu = 00:00:40 ; elapsed = 00:00:34 . Memory (MB): peak = 1689.398 ; gain = 19.383

Phase 5.2 Clock Skew Optimization
Phase 5.2 Clock Skew Optimization | Checksum: aaa77fa4

Time (s): cpu = 00:00:40 ; elapsed = 00:00:34 . Memory (MB): peak = 1689.398 ; gain = 19.383
Phase 5 Delay and Skew Optimization | Checksum: aaa77fa4

Time (s): cpu = 00:00:40 ; elapsed = 00:00:34 . Memory (MB): peak = 1689.398 ; gain = 19.383

Phase 6 Post Hold Fix

Phase 6.1 Hold Fix Iter

Phase 6.1.1 Update Timing
Phase 6.1.1 Update Timing | Checksum: fd75b1c2

Time (s): cpu = 00:00:40 ; elapsed = 00:00:35 . Memory (MB): peak = 1689.398 ; gain = 19.383
INFO: [Route 35-416] Intermediate Timing Summary | WNS=2.815  | TNS=0.000  | WHS=0.031  | THS=0.000  |

Phase 6.1 Hold Fix Iter | Checksum: af27f4d3

Time (s): cpu = 00:00:41 ; elapsed = 00:00:35 . Memory (MB): peak = 1689.398 ; gain = 19.383
Phase 6 Post Hold Fix | Checksum: af27f4d3

Time (s): cpu = 00:00:41 ; elapsed = 00:00:35 . Memory (MB): peak = 1689.398 ; gain = 19.383

Phase 7 Route finalize

Router Utilization Summary
  Global Vertical Routing Utilization    = 0.536554 %
  Global Horizontal Routing Utilization  = 0.655778 %
  Routable Net Status*
  *Does not include unroutable nets such as driverless and loadless.
  Run report_route_status for detailed report.
  Number of Failed Nets               = 0
    (Failed Nets is the sum of unrouted and partially routed nets)
  Number of Unrouted Nets             = 0
  Number of Partially Routed Nets     = 0
  Number of Node Overlaps             = 0

Phase 7 Route finalize | Checksum: adfb3f90

Time (s): cpu = 00:00:41 ; elapsed = 00:00:35 . Memory (MB): peak = 1689.398 ; gain = 19.383

Phase 8 Verifying routed nets

 Verification completed successfully
Phase 8 Verifying routed nets | Checksum: adfb3f90

Time (s): cpu = 00:00:41 ; elapsed = 00:00:35 . Memory (MB): peak = 1689.398 ; gain = 19.383

Phase 9 Depositing Routes
Phase 9 Depositing Routes | Checksum: 145869576

Time (s): cpu = 00:00:41 ; elapsed = 00:00:35 . Memory (MB): peak = 1689.398 ; gain = 19.383

Phase 10 Post Router Timing
INFO: [Route 35-57] Estimated Timing Summary | WNS=2.815  | TNS=0.000  | WHS=0.031  | THS=0.000  |

INFO: [Route 35-327] The final timing numbers are based on the router estimated timing analysis. For a complete and accurate timing signoff, please run report_timing_summary.
Phase 10 Post Router Timing | Checksum: 145869576

Time (s): cpu = 00:00:41 ; elapsed = 00:00:35 . Memory (MB): peak = 1689.398 ; gain = 19.383
INFO: [Route 35-16] Router Completed Successfully

Time (s): cpu = 00:00:41 ; elapsed = 00:00:35 . Memory (MB): peak = 1689.398 ; gain = 19.383

Routing Is Done.
INFO: [Common 17-83] Releasing license: Implementation
92 Infos, 0 Warnings, 0 Critical Warnings and 0 Errors encountered.
route_design completed successfully
route_design: Time (s): cpu = 00:00:44 ; elapsed = 00:00:37 . Memory (MB): peak = 1689.398 ; gain = 19.383
Netlist sorting complete. Time (s): cpu = 00:00:00 ; elapsed = 00:00:00.003 . Memory (MB): peak = 1689.398 ; gain = 0.000
INFO: [Timing 38-480] Writing timing data to binary archive.
Writing placer database...
Writing XDEF routing.
Writing XDEF routing logical nets.
Writing XDEF routing special nets.
Write XDEF Complete: Time (s): cpu = 00:00:03 ; elapsed = 00:00:00.840 . Memory (MB): peak = 1689.398 ; gain = 0.000
INFO: [Common 17-1381] The checkpoint 'D:/assigment 6/Q3/ans/project_1/project_1.runs/impl_1/alu_routed.dcp' has been generated.
INFO: [runtcl-4] Executing : report_drc -file alu_drc_routed.rpt -pb alu_drc_routed.pb -rpx alu_drc_routed.rpx
Command: report_drc -file alu_drc_routed.rpt -pb alu_drc_routed.pb -rpx alu_drc_routed.rpx
INFO: [IP_Flow 19-1839] IP Catalog is up to date.
INFO: [DRC 23-27] Running DRC with 2 threads
INFO: [Coretcl 2-168] The results of DRC are in file D:/assigment 6/Q3/ans/project_1/project_1.runs/impl_1/alu_drc_routed.rpt.
report_drc completed successfully
INFO: [runtcl-4] Executing : report_methodology -file alu_methodology_drc_routed.rpt -pb alu_methodology_drc_routed.pb -rpx alu_methodology_drc_routed.rpx
Command: report_methodology -file alu_methodology_drc_routed.rpt -pb alu_methodology_drc_routed.pb -rpx alu_methodology_drc_routed.rpx
INFO: [Timing 38-35] Done setting XDC timing constraints.
INFO: [DRC 23-133] Running Methodology with 2 threads
INFO: [Coretcl 2-1520] The results of Report Methodology are in file D:/assigment 6/Q3/ans/project_1/project_1.runs/impl_1/alu_methodology_drc_routed.rpt.
report_methodology completed successfully
INFO: [runtcl-4] Executing : report_power -file alu_power_routed.rpt -pb alu_power_summary_routed.pb -rpx alu_power_routed.rpx
Command: report_power -file alu_power_routed.rpt -pb alu_power_summary_routed.pb -rpx alu_power_routed.rpx
INFO: [Timing 38-35] Done setting XDC timing constraints.
Running Vector-less Activity Propagation...

Finished Running Vector-less Activity Propagation
104 Infos, 0 Warnings, 0 Critical Warnings and 0 Errors encountered.
report_power completed successfully
INFO: [runtcl-4] Executing : report_route_status -file alu_route_status.rpt -pb alu_route_status.pb
INFO: [runtcl-4] Executing : report_timing_summary -max_paths 10 -file alu_timing_summary_routed.rpt -pb alu_timing_summary_routed.pb -rpx alu_timing_summary_routed.rpx -warn_on_violation 
INFO: [Timing 38-91] UpdateTimingParams: Speed grade: -1L, Delay Type: min_max.
INFO: [Timing 38-191] Multithreading enabled for timing update using a maximum of 2 CPUs
WARNING: [Timing 38-436] There are set_bus_skew constraint(s) in this design. Please run report_bus_skew to ensure that bus skew requirements are met.
INFO: [runtcl-4] Executing : report_incremental_reuse -file alu_incremental_reuse_routed.rpt
INFO: [Vivado_Tcl 4-1062] Incremental flow is disabled. No incremental reuse Info to report.
INFO: [runtcl-4] Executing : report_clock_utilization -file alu_clock_utilization_routed.rpt
INFO: [runtcl-4] Executing : report_bus_skew -warn_on_violation -file alu_bus_skew_routed.rpt -pb alu_bus_skew_routed.pb -rpx alu_bus_skew_routed.rpx
INFO: [Timing 38-91] UpdateTimingParams: Speed grade: -1L, Delay Type: min_max.
INFO: [Timing 38-191] Multithreading enabled for timing update using a maximum of 2 CPUs
INFO: [Common 17-206] Exiting Vivado at Sun Jun 15 14:19:31 2025...
